--------------
log date: 2026-08-01 21:14:45
223 total (unique) access requests have been approved for the ARK Portal
38 access requests have been renewed >1 time.
In July 2026, there were 6 new access requests approved and 2 that were renewed.
--------------
log date: 2026-07-01 21:48:45
212 total (unique) access requests have been approved for the ARK Portal
28 access requests have been renewed >1 time.
In June 2026, there were 4 new access requests approved and 2 that were renewed.
--------------
log date: 2026-06-01 22:30:59
207 total (unique) access requests have been approved for the ARK Portal
26 access requests have been renewed >1 time.
In May 2026, there were 6 new access requests approved and 2 that were renewed.
--------------
log date: 2026-05-04 09:44:56
201 total (unique) access requests have been approved for the ARK Portal
24 access requests have been renewed >1 time.
In April 2026, there were 8 new access requests approved and 11 that were renewed.
--------------
log date: 2026-04-01 12:20:34
193 total (unique) access requests have been approved for the ARK Portal
16 access requests have been renewed >1 time.
In March 2026, there were 5 new access requests approved and 5 that were renewed.
--------------
log date: 2026-03-11 17:55:59
191 total (unique) access requests have been approved for the ARK Portal
12 access requests have been renewed >1 time.
In February 2026, there were 6 new access requests approved and 4 that were renewed.
--------------
log date: 2026-01-08 17:05:27
178 total (unique) access requests have been approved for the ARK Portal
5 access requests have been renewed >1 time.
In December 2025, there were 9 new access requests approved and 3 that were renewed.
--------------
log date: 2025-12-02
There are 171 total access requests that have been approved since the inception of the ARK Portal
date        count
Nov 2025    6
--------------
log date: 2025-11-04
There are 168 total access requests that have been approved since the inception of the ARK Portal
date        count
Oct 2025    14
--------------
log date: 2025-10-07
There are 163 total access requests that have been approved since the inception of the ARK Portal
date        count
Sep 2025    7
--------------
log date: 2025-09-02
There are 153 total access requests that have been approved since the inception of the ARK Portal
date        count
Aug 2025    3
--------------
log date: 2025-08-11
There are 151 total access requests that have been approved since the inception of the ARK Portal
date        count
Jul 2025    7
